Drill report for thesis.kicad_pcb
Created on 2026-09-23T00:18:10

Copper Layer Stackup:
    =============================================================
    L1 :  F.Cu                      front
    L2 :  B.Cu                      back


Drill file 'thesis-PTH-drl.gbr' contains
    plated through holes:
    =============================================================
    T1  0.300mm  0.0118"  (9 holes))
    T2  0.700mm  0.0276"  (10 holes))
    T3  0.800mm  0.0315"  (2 holes))
    T4  1.000mm  0.0394"  (38 holes))
    T5  1.016mm  0.0400"  (30 holes))
    T6  1.100mm  0.0433"  (3 holes))
    T7  1.300mm  0.0512"  (12 holes))
    T8  1.600mm  0.0630"  (4 holes))
    T9  2.500mm  0.0984"  (4 holes))

    Total plated holes count 112


Drill file 'thesis-NPTH-drl.gbr' contains
    unplated through holes:
    =============================================================
    T1  1.800mm  0.0709"  (4 holes))

    Total unplated holes count 4
